[worksmart-ai.co.uk/index.html]
[backblue.gif]
[fade.gif]
[index.html]
[cdn-cookieyes.com/client_data/b159b1eca4773ddca15f3aba/script.js]
[worksmart-ai.co.uk/wp-json/oembed/1.0/embedd8c1.json]
[worksmart-ai.co.uk/feed/index.html]
[worksmart-ai.co.uk/wp-json/oembed/1.0/embed3188]
[worksmart-ai.co.uk/wp-includes/css/dist/block-library/style.minb34e.css]
[worksmart-ai.co.uk/wp-content/plugins/otter-blocks/build/blocks/advanced-columns/style4cb3.css]
[worksmart-ai.co.uk/comments/feed/index.html]
[worksmart-ai.co.uk/wp-content/themes/neve/style-main-new.mineda1.css]
[worksmart-ai.co.uk/wp-json/wp/v2/pages/1043.json]
[worksmart-ai.co.uk/wp-json/index.html]
[worksmart-ai.co.uk/xmlrpc0db0.php]
[worksmart-ai.co.uk/wp-content/uploads/2025/11/cropped-New-logo-favicon-32x32.png]
[worksmart-ai.co.uk/wp-content/uploads/2025/11/cropped-New-logo-favicon-192x192.png]
[worksmart-ai.co.uk/wp-content/uploads/2025/11/cropped-New-logo-favicon-180x180.png]
[worksmart-ai.co.uk/wp-content/plugins/wsai-savings/assets/wsai-savings7359.css]
[worksmart-ai.co.uk/wp-content/plugins/otter-blocks/assets/fontawesome/css/all.min4cb3.css]
[worksmart-ai.co.uk/wp-content/plugins/otter-blocks/assets/fontawesome/css/v4-shims.min4cb3.css]
[worksmart-ai.co.uk/wp-content/uploads/2025/11/cropped-New-Logo-512-x-512-px.png]
[worksmart-ai.co.uk/wp-content/uploads/2020/01/neve-web-design-bg-09.jpg]
[worksmart-ai.co.uk/wp-content/themes/neve/assets/js/build/modern/frontendeda1.js]
[worksmart-ai.co.uk/wp-content/plugins/wp-smushit/app/assets/js/smush-lazy-load.min05da.js]
[worksmart-ai.co.uk/wp-content/plugins/wsai-savings/assets/wsai-savings7359.js]
[worksmart-ai.co.uk/index.html]
[worksmart-ai.co.uk/wp-includes/css/dist/block-library/style.minb34e.css]
[worksmart-ai.co.uk/training/index.html]
[worksmart-ai.co.uk/wp-content/plugins/otter-blocks/build/blocks/advanced-columns/style4cb3.css]
[worksmart-ai.co.uk/news/index.html]
[worksmart-ai.co.uk/about-us/index.html]
[worksmart-ai.co.uk/contact-us/index.html]
[worksmart-ai.co.uk/wp-content/themes/neve/style-main-new.mineda1.css]
[worksmart-ai.co.uk/how-our-calculator-works/index.html]
[worksmart-ai.co.uk/terms-of-service/index.html]
[worksmart-ai.co.uk/cookie-policy/index.html]
[worksmart-ai.co.uk/book-a-call/index.html]
[worksmart-ai.co.uk/privacy-policy/index.html]
[worksmart-ai.co.uk/wp-content/plugins/wsai-savings/assets/wsai-savings7359.css]
[worksmart-ai.co.uk/wp-content/plugins/otter-blocks/assets/fontawesome/webfonts/fa-brands-400.eot]
[worksmart-ai.co.uk/equality-diversity-inclusion/index.html]
[worksmart-ai.co.uk/accessibility-statement/index.html]
[worksmart-ai.co.uk/modern-slavery/index.html]
[worksmart-ai.co.uk/wp-content/plugins/otter-blocks/assets/fontawesome/webfonts/fa-brands-400d41d.eot]
[worksmart-ai.co.uk/sustainability/index.html]
[worksmart-ai.co.uk/wp-content/plugins/otter-blocks/assets/fontawesome/webfonts/fa-brands-400.woff2]
[worksmart-ai.co.uk/wp-content/plugins/otter-blocks/assets/fontawesome/webfonts/fa-brands-400.woff]
[worksmart-ai.co.uk/insurance-statement/index.html]
[worksmart-ai.co.uk/wp-content/plugins/otter-blocks/assets/fontawesome/webfonts/fa-brands-400.ttf]
[worksmart-ai.co.uk/wp-content/plugins/otter-blocks/assets/fontawesome/webfonts/fa-regular-400.eot]
[worksmart-ai.co.uk/wp-content/plugins/otter-blocks/assets/fontawesome/webfonts/fa-regular-400d41d.eot]
[worksmart-ai.co.uk/wp-content/plugins/otter-blocks/assets/fontawesome/webfonts/fa-regular-400.woff2]
[worksmart-ai.co.uk/wp-content/plugins/otter-blocks/assets/fontawesome/webfonts/fa-brands-400.svg]
[worksmart-ai.co.uk/wp-content/plugins/otter-blocks/assets/fontawesome/webfonts/fa-regular-400.woff]
[worksmart-ai.co.uk/wp-content/plugins/otter-blocks/assets/fontawesome/webfonts/fa-regular-400.ttf]
[worksmart-ai.co.uk/wp-content/plugins/otter-blocks/assets/fontawesome/webfonts/fa-regular-400.svg]
[worksmart-ai.co.uk/wp-content/plugins/otter-blocks/assets/fontawesome/webfonts/fa-solid-900.eot]
[worksmart-ai.co.uk/wp-content/plugins/otter-blocks/assets/fontawesome/webfonts/fa-solid-900.woff2]
[worksmart-ai.co.uk/wp-content/plugins/otter-blocks/assets/fontawesome/webfonts/fa-solid-900d41d.eot]
[worksmart-ai.co.uk/wp-content/plugins/otter-blocks/assets/fontawesome/webfonts/fa-solid-900.woff]
[worksmart-ai.co.uk/wp-content/plugins/otter-blocks/assets/fontawesome/css/all.min4cb3.css]
[worksmart-ai.co.uk/wp-content/plugins/otter-blocks/assets/fontawesome/css/v4-shims.min4cb3.css]
[worksmart-ai.co.uk/wp-content/plugins/otter-blocks/assets/fontawesome/webfonts/fa-solid-900.ttf]
[worksmart-ai.co.uk/wp-json/oembed/1.0/embedd549.json]
[worksmart-ai.co.uk/wp-content/plugins/otter-blocks/assets/fontawesome/webfonts/fa-solid-900.svg]
[worksmart-ai.co.uk/wp-json/oembed/1.0/embed629b]
[worksmart-ai.co.uk/wp-json/wp/v2/pages/1842.json]
[worksmart-ai.co.uk/wp-content/uploads/2025/10/medium-shot-people-learning-job-1024x683.jpg]
[worksmart-ai.co.uk/wp-content/plugins/otter-blocks/build/blocks/accordion8930.js]
[worksmart-ai.co.uk/training/index.html]
[worksmart-ai.co.uk/about-us/index.html]
[worksmart-ai.co.uk/news/index.html]
[worksmart-ai.co.uk/contact-us/index.html]
[worksmart-ai.co.uk/how-our-calculator-works/index.html]
[worksmart-ai.co.uk/book-a-call/index.html]
[worksmart-ai.co.uk/privacy-policy/index.html]
[worksmart-ai.co.uk/cookie-policy/index.html]
[worksmart-ai.co.uk/terms-of-service/index.html]
[worksmart-ai.co.uk/accessibility-statement/index.html]
[worksmart-ai.co.uk/modern-slavery/index.html]
[worksmart-ai.co.uk/equality-diversity-inclusion/index.html]
[worksmart-ai.co.uk/sustainability/index.html]
[worksmart-ai.co.uk/insurance-statement/index.html]
[worksmart-ai.co.uk/wp-content/themes/neve/assets/js/build/modern/frontendeda1.js]
[worksmart-ai.co.uk/wp-content/plugins/wp-smushit/app/assets/js/smush-lazy-load.min05da.js]
[worksmart-ai.co.uk/wp-content/plugins/wsai-savings/assets/wsai-savings7359.js]
[worksmart-ai.co.uk/wp-content/plugins/otter-blocks/assets/fontawesome/webfonts/fa-brands-400.svg]
[worksmart-ai.co.uk/wp-content/plugins/otter-blocks/assets/fontawesome/webfonts/fa-regular-400.svg]
[worksmart-ai.co.uk/wp-content/plugins/otter-blocks/assets/fontawesome/webfonts/fa-solid-900.svg]
[worksmart-ai.co.uk/indexd6bf.html]
[worksmart-ai.co.uk/wp-content/plugins/otter-blocks/build/blocks/accordion8930.js]
[worksmart-ai.co.uk/wp-json/oembed/1.0/embeddc42.html]
[worksmart-ai.co.uk/wp-json/oembed/1.0/embeda633.html]
[worksmart-ai.co.uk/wp-includes/blocks/cover/style.minb34e.html]
[worksmart-ai.co.uk/wp-json/wp/v2/pages/61.html]
[worksmart-ai.co.uk/index094d.html]
[worksmart-ai.co.uk/wp-content/uploads/2025/10/Katie.html]
[worksmart-ai.co.uk/staff-ai-skills-training-in-higher-education-what-actually-works-in-2026/index.html]
[worksmart-ai.co.uk/wp-content/uploads/2026/03/Please-create-an-image-for-this-article-Staff-AI-S-1-930x620.html]
[worksmart-ai.co.uk/author/davidrwellergmail-com/index.html]
[worksmart-ai.co.uk/category/worksmart-ai/index.html]
[worksmart-ai.co.uk/dont-lose-your-voice-to-ai/index.html]
[worksmart-ai.co.uk/author/katie-steen/index.html]
[worksmart-ai.co.uk/category/mindset/index.html]
[worksmart-ai.co.uk/presenting-at-ai-south-west-in-taunton/index.html]
[worksmart-ai.co.uk/category/events/index.html]
[worksmart-ai.co.uk/removing-the-stranger-from-the-room/index.html]
[worksmart-ai.co.uk/what-do-we-gain-ais-value-to-the-workforce/index.html]
[worksmart-ai.co.uk/category/ai-reports/index.html]
[worksmart-ai.co.uk/empowering-universities-through-ai-training/index.html]
[worksmart-ai.co.uk/new-hepi-report-ai-future-universities/index.html]
[worksmart-ai.co.uk/wp-json/oembed/1.0/embede6c7.html]
[worksmart-ai.co.uk/wp-json/oembed/1.0/embed78ef.html]
[worksmart-ai.co.uk/wp-json/wp/v2/pages/1387.html]
[worksmart-ai.co.uk/indexbb3a.html]
[worksmart-ai.co.uk/wp-json/oembed/1.0/embedeb38.html]
[worksmart-ai.co.uk/wp-json/oembed/1.0/embed8366.html]
[worksmart-ai.co.uk/wp-json/wp/v2/pages/1223.html]
[worksmart-ai.co.uk/index6bb7.html]
[worksmart-ai.co.uk/wp-json/oembed/1.0/embedff7b.html]
[worksmart-ai.co.uk/wp-json/oembed/1.0/embed50b0.html]
[worksmart-ai.co.uk/wp-json/wp/v2/pages/75.html]
[worksmart-ai.co.uk/indexe839.html]
[worksmart-ai.co.uk/xmlrpc.html]
[worksmart-ai.co.uk/privacy-policy/feed/index.html]
[worksmart-ai.co.uk/wp-json/oembed/1.0/embedbf28.html]
[worksmart-ai.co.uk/wp-json/oembed/1.0/embed52c6.html]
[worksmart-ai.co.uk/wp-json/wp/v2/pages/3.html]
[worksmart-ai.co.uk/index2207.html]
[worksmart-ai.co.uk/cookie-policy/feed/index.html]
[worksmart-ai.co.uk/wp-json/oembed/1.0/embed0f71.html]
[worksmart-ai.co.uk/wp-json/oembed/1.0/embed6407.html]
[worksmart-ai.co.uk/wp-json/wp/v2/pages/1092.html]
[worksmart-ai.co.uk/index3b75.html]
[worksmart-ai.co.uk/wp-json/oembed/1.0/embed3717.html]
[worksmart-ai.co.uk/wp-json/oembed/1.0/embed3749.html]
[worksmart-ai.co.uk/wp-json/wp/v2/pages/1107.html]
[worksmart-ai.co.uk/index3e52.html]
[worksmart-ai.co.uk/wp-json/oembed/1.0/embedf940.html]
[worksmart-ai.co.uk/wp-json/oembed/1.0/embedcb21.html]
[worksmart-ai.co.uk/wp-json/wp/v2/pages/1119.html]
[worksmart-ai.co.uk/indexb51f.html]
[worksmart-ai.co.uk/wp-json/oembed/1.0/embed511c.html]
[worksmart-ai.co.uk/wp-json/oembed/1.0/embed63f1.html]
[worksmart-ai.co.uk/wp-json/wp/v2/pages/1122.html]
[worksmart-ai.co.uk/indexc9bc.html]
[worksmart-ai.co.uk/wp-json/oembed/1.0/embed2630.html]
[worksmart-ai.co.uk/wp-json/oembed/1.0/embed444c.html]
[worksmart-ai.co.uk/wp-json/wp/v2/pages/1126.html]
[worksmart-ai.co.uk/index55d9.html]
[worksmart-ai.co.uk/wp-json/oembed/1.0/embedf1df.html]
[worksmart-ai.co.uk/wp-json/oembed/1.0/embed86b9.html]
[worksmart-ai.co.uk/wp-json/wp/v2/pages/1129.html]
[worksmart-ai.co.uk/index6b36.html]
[worksmart-ai.co.uk/wp-json/oembed/1.0/embed9d12.html]
[worksmart-ai.co.uk/wp-json/oembed/1.0/embed9cfe.html]
[worksmart-ai.co.uk/wp-json/wp/v2/pages/1137.html]
[worksmart-ai.co.uk/index2169.html]
[worksmart-ai.co.uk/POST.html]
[worksmart-ai.co.uk/e.html]
[worksmart-ai.co.uk/r.html]
